// Vitest Snapshot v1, https://vitest.dev/guide/snapshot.html

exports[`RecipesPage.tsx snapshot test > matches snapshot 1`] = `
<DocumentFragment>
  <section
    id="displayBoxFav"
  >
    <section
      id="recipesBoxFav"
    />
  </section>
</DocumentFragment>
`;
